---
source: src/tui/wizard/view.rs
---
" ⠿ overbrainer   new project                                                                                step 5 of 7 "
"                  ╭ Topics ──────────────────────────────────────────────────────────────────────────╮                  "
"                  │                                                                                  │                  "
"                  │  The subjects the dataset covers: each gets subtopics, then questions.           │                  "
"                  │                                                                                  │                  "
"                  │  ▶ ownership  10 subtopics x 30 questions  Moves, borrows and lifetimes          │                  "
"                  │    traits  5 subtopics x 20 questions                                            │                  "
"                  │                                                                                  │                  "
"                  │                                                                                  │                  "
"                  │                                                                                  │                  "
"                  │                                                                                  │                  "
"                  │                                                                                  │                  "
"                  │                                                                                  │                  "
"                  │                                                                                  │                  "
"                  │                                                                                  │                  "
"                  │                                                                                  │                  "
"                  │                                                                                  │                  "
"                  │                                                                                  │                  "
"                  │                                                                                  │                  "
"                  │                                                                                  │                  "
"                  │                                                                                  │                  "
"                  │                                                                                  │                  "
"                  │                                                                                  │                  "
"                  │                                                                                  │                  "
"                  │                                                                                  │                  "
"                  │                                                                                  │                  "
"                  │                                                                                  │                  "
"                  │                                                                                  │                  "
"                  │                                                                                  │                  "
"                  │                                                                                  │                  "
"                  │                                                                                  │                  "
"                  │                                                                                  │                  "
"                  │                                                                                  │                  "
"                  │                                                                                  │                  "
"                  │                                                                                  │                  "
"                  │                                                                                  │                  "
"                  │                                                                                  │                  "
"                  │                                                                                  │                  "
"                  ╰──────────────────────────────────────────────────────────────────────────────────╯                  "
" a add · e edit · d delete · ↑↓ select · Enter next · Esc back · Ctrl-C quit                                            "
