---
source: src/tui/wizard/view.rs
---
" ⠿ overbrainer   new project                                                                                step 7 of 7 "
"                  ╭ Summary ─────────────────────────────────────────────────────────────────────────╮                  "
"                  │                                                                                  │                  "
"                  │  project     rust_expert                                                         │                  "
"                  │  provider    nanogpt, openai, https://nano-gpt.com/api/v1                        │                  "
"                  │  API key     typed (hidden)                                                      │                  "
"                  │  generator   qwen/qwen3-235b-a22b                                                │                  "
"                  │  parent      deepseek/deepseek-r1, reasoning on                                  │                  "
"                  │  embedder    none                                                                │                  "
"                  │  topics      ownership (10 x 30), traits (5 x 20)                                │                  "
"                  │  training    runpod, GPU types auto, API key typed (hidden)                      │                  "
"                  │  child       Qwen/Qwen3-4B, qlora                                                │                  "
"                  │                                                                                  │                  "
"                  │  Enter writes overbrainer.toml, .env (mode 600), .env.example, prompts/ and      │                  "
"                  │  .gitignore entries. No file is overwritten.                                     │                  "
"                  │                                                                                  │                  "
"                  │                                                                                  │                  "
"                  │                                                                                  │                  "
"                  │                                                                                  │                  "
"                  │                                                                                  │                  "
"                  │                                                                                  │                  "
"                  │                                                                                  │                  "
"                  │                                                                                  │                  "
"                  │                                                                                  │                  "
"                  │                                                                                  │                  "
"                  │                                                                                  │                  "
"                  │                                                                                  │                  "
"                  │                                                                                  │                  "
"                  │                                                                                  │                  "
"                  │                                                                                  │                  "
"                  │                                                                                  │                  "
"                  │                                                                                  │                  "
"                  │                                                                                  │                  "
"                  │                                                                                  │                  "
"                  │                                                                                  │                  "
"                  │                                                                                  │                  "
"                  │                                                                                  │                  "
"                  │                                                                                  │                  "
"                  ╰──────────────────────────────────────────────────────────────────────────────────╯                  "
" Enter write the files · Esc back · Ctrl-C quit                                                                         "
