---
source: src/tui/wizard/view.rs
---
" ⠿ overbrainer   new project                                        step 5 of 7 "
"  ╭ Topics ──────────────────────────────────────────────────────────────────╮  "
"  │                                                                          │  "
"  │  Edit the topic                                                          │  "
"  │                                                                          │  "
"  │  name                    ownership                                       │  "
"  │  description             Moves, borrows and lifetimes                    │  "
"  │  subtopics               10                                              │  "
"  │  questions per subtopic  30                                              │  "
"  │                                                                          │  "
"  │                                                                          │  "
"  │                                                                          │  "
"  │                                                                          │  "
"  │                                                                          │  "
"  │                                                                          │  "
"  │                                                                          │  "
"  │                                                                          │  "
"  │                                                                          │  "
"  │                                                                          │  "
"  │                                                                          │  "
"  │                                                                          │  "
"  │                                                                          │  "
"  ╰──────────────────────────────────────────────────────────────────────────╯  "
" ↑↓ field · Enter keep · Esc drop                                               "
