---
source: src/tui/wizard/view.rs
---
" ⠿ overbrainer   new project                                        step 6 of 7 "
"  ╭ Training ────────────────────────────────────────────────────────────────╮  "
"  │                                                                          │  "
"  │  target      ‹ runpod ›                                                  │  "
"  │              ← → choose; skip stops auto mode after split                │  "
"  │                                                                          │  "
"  │  API key     •••••••••••••••••••••                                       │  "
"  │                                                                          │  "
"  │  GPU types   auto                                                        │  "
"  │                                                                          │  "
"  │                                                                          │  "
"  │                                                                          │  "
"  │                                                                          │  "
"  │                                                                          │  "
"  │                                                                          │  "
"  │                                                                          │  "
"  │                                                                          │  "
"  │                                                                          │  "
"  │                                                                          │  "
"  │                                                                          │  "
"  │                                                                          │  "
"  │                                                                          │  "
"  ╰──────────────────────────────────────────────────────────────────────────╯  "
" Enter next · Esc back · ↑↓ field · ←→ choose · Ctrl-C quit                     "
