---
source: src/tui/snapshots.rs
---
" 1 Dataset   2 Pipeline   3 Training   4 Logs                                                               rust_expert "
"┌ runs ────────────────────────────────────────────────────────────────────────────────────────────────────────────────┐"
"│run                   state      target     pod                                                                       │"
"│20260921-133200-a1b2  running    gpu_cloud  ready k3x9abc $0.53/h                                           starting  │"
"│20260920-101500-9f00  succeeded  homelab                                                                              │"
"│20260919-090000-c3d4  running    homelab                                                                              │"
"└──────────────────────────────────────────────────────────────────────────────────────────────────────────────────────┘"
"┌ 20260921-133200-a1b2 ────────────────────────────────────────────────────────────────────────────────────────────────┐"
"│   starting                                                                                                           │"
"│pod k3x9abc ready $0.53/h  up 41m (about $0.36)  deleted by the watchdog by 2026-09-21T19:32:20Z                      │"
"│no metrics yet                                                                                                        │"
"│                                                                                                                      │"
"│                                                                                                                      │"
"│                                                                                                                      │"
"│                                                                                                                      │"
"│                                                                                                                      │"
"│                     ┌ Abandon a starting run? ─────────────────────────────────────────────────┐                     │"
"│                     │Run 20260921-133200-a1b2 is still starting, so it has no job to cancel    │                     │"
"│                     │yet. Abandon it instead? If its pod is still being prepared, it is deleted│                     │"
"│                     │and the run fails, as Ctrl-C does on the command line; once its job is    │                     │"
"│                     │being sent, the run is detached instead.                                  │                     │"
"│                     │                                                                          │                     │"
"│                     │                                                 [y] abandon   [n] keep it│                     │"
"│                     └──────────────────────────────────────────────────────────────────────────┘                     │"
"│                                                                                                                      │"
"│                                                                                                                      │"
"│                                                                                                                      │"
"│                                                                                                                      │"
"│                                                                                                                      │"
"│                                                                                                                      │"
"│                                                                                                                      │"
"│                                                                                                                      │"
"│                                                                                                                      │"
"│                                                                                                                      │"
"│                                                                                                                      │"
"│                                                                                                                      │"
"│                                                                                                                      │"
"│                                                                                                                      │"
"└──────────────────────────────────────────────────────────────────────────────────────────────────────────────────────┘"
"                                                                                   1 training task  edits locked  ? help"
