---
source: src/tui/snapshots.rs
---
" ⠿ overbrainer   1 Project  2 Dataset  3 Pipeline  4 Training  5 Logs  6 Compare                            rust_expert "
"╭ compares ──────────────────────────────────────────────────────╮╭ summary ───────────────────────────────────────────╮"
"│ No compare yet. C compares the newest run with a GGUF, as      ││                                                    │"
"│ `overbrainer compare` does.                                    ││                                                    │"
"│                                                                ││                                                    │"
"╰────────────────────────────────────────────────────────────────╯╰────────────────────────────────────────────────────╯"
"╭ questions: all ──────────────────────────────╮╭ detail ──────────────────────────────────────────────────────────────╮"
"│                                              ││                                                                      │"
"│                                              ││                                                                      │"
"│                                              ││                                                                      │"
"│                                              ││                                                                      │"
"│                                              ││                                                                      │"
"│                                              ││                                                                      │"
"│                                              ││                                                                      │"
"│                                              ││                                                                      │"
"│                                              ││                                                                      │"
"│                                              ││                                                                      │"
"│                                              ││                                                                      │"
"│                                              ││                                                                      │"
"│                                              ││                                                                      │"
"│                                              ││                                                                      │"
"│                                              ││                                                                      │"
"│                                              ││                                                                      │"
"│                                              ││                                                                      │"
"│                                              ││                                                                      │"
"│                                              ││                                                                      │"
"│                                              ││                                                                      │"
"│                                              ││                                                                      │"
"│                                              ││                                                                      │"
"│                                              ││                                                                      │"
"│                                              ││                                                                      │"
"│                                              ││                                                                      │"
"│                                              ││                                                                      │"
"│                                              ││                                                                      │"
"│                                              ││                                                                      │"
"│                                              ││                                                                      │"
"│                                              ││                                                                      │"
"│                                              ││                                                                      │"
"╰──────────────────────────────────────────────╯╰──────────────────────────────────────────────────────────────────────╯"
" j/k move · h/l focus · f filter · C compare · J rejudge · c cancel                                      v#.#.#  ? help "
