---
source: src/tui/snapshots.rs
---
" ⠿ 1 Project  2 Dataset  3 Pipeline  4 Training  5 Logs  6 Compare  rust_expert "
"╭ compares ────────────────────────────────╮╭ summary ─────────────────────────╮"
"│ run                   quant  win+tie n   ││ win 4  tie 1  loss 2  unparsed 1 │"
"│ demo_20261006-100000  Q4_K_M 71%     8   ││ latency p50 1.00s  p95 2.00s     │"
"│                                          ││ per 1k requests: parent $0.90,   │"
"│                                          ││ child $0.12                      │"
"│                                          ││ 1 x NVIDIA A40                   │"
"│                                          ││ (ubuntu-cuda-13.4-x64)           │"
"╰──────────────────────────────────────────╯╰──────────────────────────────────╯"
"╭ questions: losses ───────────╮╭ q7  error ───────────────────────────────────╮"
"│ ✗ q6 Question 6: why does t… ││ Question 7: why does the borrow checker      │"
"│ ! q7 Question 7: why does t… ││ refuse this?                                 │"
"│                              ││ topic ownership                              │"
"│                              ││                                              │"
"│                              ││ ── child ──                                  │"
"│                              ││ (no answer: timed out)                       │"
"│                              ││                                              │"
"│                              ││ ── parent ──                                 │"
"│                              ││ Parent answer 7.                             │"
"│                              ││                                              │"
"│                              ││ ── judge ──                                  │"
"│                              ││ (no reason)                                  │"
"╰──────────────────────────────╯╰─────────────────────────────────────── 12/13 ╯"
" j/k move · h/l focus · f filter · C compare · J rejudge         v#.#.#  ? help "
