---
source: src/tui/snapshots.rs
---
" ⠿ overbrainer   1 Project  2 Dataset  3 Pipeline  4 Training  5 Logs  6 Compare                            rust_expert "
"╭ compares ──────────────────────────────────────────────────────╮╭ summary ───────────────────────────────────────────╮"
"│ run                            quant  judge        win+tie n   ││ win 4  tie 1  loss 2  unparsed 1                   │"
"│ demo_20261006-100000           Q4_K_M parent       71%     8   ││ latency p50 1.00s  p95 2.00s                       │"
"│                                                                ││ per 1k requests: parent $0.90, child $0.12         │"
"│                                                                ││ 1 x NVIDIA A40 (ubuntu-cuda-13.4-x64)              │"
"╰────────────────────────────────────────────────────────────────╯╰────────────────────────────────────────────────────╯"
"╭ questions: all ──────────────────────────────╮╭ q1  win ─────────────────────────────────────────────────────────────╮"
"│ ✓ q1 Question 1: why does the borrow checke… ││ Question 1: why does the borrow checker                              │"
"│ ✓ q2 Question 2: why does the borrow checke… ││ refuse this?                                                         │"
"│ ✓ q3 Question 3: why does the borrow checke… ││ topic ownership  0.25s  first token 0.05s  60 tok/s                  │"
"│ ✓ q4 Question 4: why does the borrow checke… ││                                                                      │"
"│ = q5 Question 5: why does the borrow checke… ││ ── child ──                       ── parent ──                       │"
"│ ✗ q6 Question 6: why does the borrow checke… ││ Child answer 1.                   Parent answer 1.                   │"
"│ ! q7 Question 7: why does the borrow checke… ││                                                                      │"
"│ ? q8 Question 8: why does the borrow checke… ││ ── judge ──                                                          │"
"│                                              ││ Reason 1.                                                            │"
"│                                              ││                                                                      │"
"│                                              ││                                                                      │"
"│                                              ││                                                                      │"
"│                                              ││                                                                      │"
"│                                              ││                                                                      │"
"│                                              ││                                                                      │"
"│                                              ││                                                                      │"
"│                                              ││                                                                      │"
"│                                              ││                                                                      │"
"│                                              ││                                                                      │"
"│                                              ││                                                                      │"
"│                                              ││                                                                      │"
"│                                              ││                                                                      │"
"│                                              ││                                                                      │"
"│                                              ││                                                                      │"
"│                                              ││                                                                      │"
"│                                              ││                                                                      │"
"│                                              ││                                                                      │"
"│                                              ││                                                                      │"
"│                                              ││                                                                      │"
"│                                              ││                                                                      │"
"╰──────────────────────────────────────────────╯╰─────────────────────────────────────────────────────────────── 10/10 ╯"
" j/k move · h/l focus · f filter · C compare · J rejudge · c cancel                                      v#.#.#  ? help "
