---
source: src/tui/snapshots.rs
---
" 1 Dataset   2 Pipeline   3 Training   4 Logs                                                               rust_expert "
"┌ logs: INFO and above ────────────────────────────────────────────────────────────────────────────────────────────────┐"
"│                                                                                                                      │"
"│                                                                                                                      │"
"│                                                                                                                      │"
"│                                                                                                                      │"
"│                                                                                                                      │"
"│                                                                                                                      │"
"│                                                                                                                      │"
"│                                                                                                                      │"
"│                                                                                                                      │"
"│                                                                                                                      │"
"│                                                                                                                      │"
"│                                                                                                                      │"
"│                                                                                                                      │"
"│                                                                                                                      │"
"│                     ┌ keys: Logs ──────────────────────────────────────────────────────────────┐                     │"
"│                     │1 2 3 4, Tab, Shift-Tab    switch view                                    │                     │"
"│                     │?                          this help (Esc, ? or q closes it)              │                     │"
"│                     │q, Ctrl-C                  quit                                           │                     │"
"│                     │R                          reload the data files                          │                     │"
"│                     │k j, Up Down, PgUp PgDn    scroll                                         │                     │"
"│                     │G, End                     follow the newest lines                        │                     │"
"│                     │f                          cycle level: error, warn, info, debug, trace   │                     │"
"│                     └──────────────────────────────────────────────────────────────────────────┘                     │"
"│                                                                                                                      │"
"│                                                                                                                      │"
"│                                                                                                                      │"
"│                                                                                                                      │"
"│                                                                                                                      │"
"│                                                                                                                      │"
"│                                                                                                                      │"
"│                                                                                                                      │"
"│                                                                                                                      │"
"│                                                                                                                      │"
"│                                                                                                                      │"
"│                                                                                                                      │"
"│                                                                                                                      │"
"└──────────────────────────────────────────────────────────────────────────────────────────────────────────────────────┘"
"                                                                                                                  ? help"
