---
source: src/tui/snapshots.rs
---
" ⠿ overbrainer   1 Dataset  2 Pipeline  3 Training  4 Logs          rust_expert "
"  Logs · WARN and above                                                         "
"                                                                                "
"  14:12:23 WARN  overbrainer::cli::progress: answers: 77aa: 429 Too Many Reque  "
"  14:12:24 ERROR overbrainer::cli::progress: answers: 77aa failed: the answer   "
"                                                                                "
"                                                                                "
"                                                                                "
"                                                                                "
"                                                                                "
"                                                                                "
"                                                                                "
"                                                                                "
"                                                                                "
"                                                                                "
"                                                                                "
"                                                                                "
"                                                                                "
"                                                                                "
"                                                                                "
"                                                                                "
"                                                                                "
"                                                                                "
" j/k scroll · G follow · f level                                         ? help "
