---
source: src/tui/snapshots.rs
---
" ⠿ 1 Project  2 Dataset  3 Pipeline  4 Training  5 Logs  6 Compare  rust_expert "
"  Logs · TRACE and above                                                        "
"                                                                                "
"  nothing captured at this level: OVERBRAINER_LOG sets what is captured         "
"                                                                                "
"                                                                                "
"                                                                                "
"                                                                                "
"                                                                                "
"                                                                                "
"                                                                                "
"                                                                                "
"                                                                                "
"                                                                                "
"                                                                                "
"                                                                                "
"                                                                                "
"                                                                                "
"                                                                                "
"                                                                                "
"                                                                                "
"                                                                                "
"                                                                                "
" j/k scroll · G follow · f level · s source · x export           v#.#.#  ? help "
