---
source: src/tui/snapshots.rs
---
" ⠿ overbrainer   1 Project  2 Dataset  3 Pipeline  4 Training  5 Logs  rust_ex… "
"╭ data ────────────────────────────────────────────────────────────────────────╮"
"│ … reading data/                                                              │"
"│                                                                              │"
"│                                                                              │"
"│ ╭ GPU types by VRAM: 1 chosen ─────────────────────────────────────────────╮ │"
"│ │       ID                              VRAM GB  $/H   MAX COUNT  STOCK    │ │"
"│ │       auto: cheapest in stock                                            │ │"
"│ │ ▶ 1   NVIDIA A40                      48       0.40  10         HIGH     │ │"
"│ │       AMD Instinct MI300X OAM         192      2.49  8          NONE     │ │"
"│ │       NVIDIA H200                     141      -     8          UNKNOWN  │ │"
"│ │       NVIDIA A100 80GB PCIe           80       1.64  8          NONE     │ │"
"│ │       NVIDIA H100 80GB HBM3           80       2.99  8          LOW      │ │"
"│ │       NVIDIA RTX A6000                48       0.49  8          LOW      │ │"
"│ │       NVIDIA L40S                     48       0.86  8          MEDIUM   │ │"
"│ │       NVIDIA L4                       24       0.43  1          HIGH     │ │"
"│ │       NVIDIA GeForce RTX 4090         24       0.69  8          MEDIUM   │ │"
"│ │       NVIDIA RTX 2000 Ada Generation  16       0.24  4          HIGH     │ │"
"│ ╰ Space toggles, Enter keeps, o sorts, t types, Esc cancels ───────────────╯ │"
"│                                                                              │"
"│                                                                              │"
"│                                                                              │"
"╰──────────────────────────────────────────────────────────────────────────────╯"
" Space toggle · J/K order · / filter · Enter keep · t type · Esc cancel  ? help "
