---
source: src/tui/snapshots.rs
---
" ⠿ overbrainer   1 Dataset  2 Pipeline  3 Training  4 Logs                                                  rust_expert "
"  Pipeline                                                                                  in flight  retries  failed  "
"  subtopics                                                                                                             "
"  questions                                                                                                             "
"  answers                                                                                                               "
"  split                                                                                                                 "
"                                                                                                                        "
"  nothing ran yet in this TUI: r runs a stage                                                                           "
"                                                                                                                        "
"                                                                                                                        "
"                                                                                                                        "
"                                                                                                                        "
"                                                                                                                        "
"                                                                                                                        "
"                                                                                                                        "
"                                                                                                                        "
"                                                                                                                        "
"                                                                                                                        "
"                                                                                                                        "
"                                                                                                                        "
"                                                                                                                        "
"                                                                                                                        "
"                                                                                                                        "
"                                                                                                                        "
"                                                                                                                        "
"                                                                                                                        "
"                                                                                                                        "
"                                                                                                                        "
"                                                                                                                        "
"                                                                                                                        "
"                                                                                                                        "
"                                                                                                                        "
"                                                                                                                        "
"                                                                                                                        "
"                                                                                                                        "
"                                                                                                                        "
"                                                                                                                        "
"                                                                                                                        "
"                                                                                                                        "
"                                                                                                                  ? help"
