---
source: src/tui/snapshots.rs
---
" ⠿ overbrainer   1 Project  2 Dataset  3 Pipeline  4 Training  5 Logs  rust_ex… "
"╭ configuration ───────────────────────────╮╭ stats ───────────────────────────╮"
"│   protocol               anthrop… (used) ││ cost and tokens (in/out)         │"
"│   base_url               unset (used)    ││   subtopics   3.0k/750 $0.0012   │"
"│   api_key                unset (used)    ││   questions   40k/9.1k $0.0123   │"
"│ providers.nanogpt                        ││   answers     412k/1.5M cost ?   │"
"│   protocol               openai          ││   all         455k/1.5M $0.0135+ │"
"│   base_url               https://… (env) ││                                  │"
"│   api_key                set (env)       ││ dataset                          │"
"│ roles.generator                          ││   topics      2                  │"
"│   provider               nanogpt         ││   subtopics   3                  │"
"│   model                  gen             ││   questions   6                  │"
"│   reasoning              false           ││   answers                        │"
"│   max_tokens             16384           ││           3 usable, 1 excluded   │"
"│   temperature            unset           ││   train/eval  2 / 1 (expected)   │"
"│   reasoning_effort       unset           ││                                  │"
"│   thinking_budget        unset           ││ training                         │"
"│ roles.parent                             ││   running     2                  │"
"│   provider               claude (used)   ││   succeeded   1                  │"
"│   model                  claude-… (used) ││   pod spend   about $0.36        │"
"│ roles.parent.model: used by answers,     ││                                  │"
"│   read-only until it ends                ││ models                           │"
"╰──────────────────────────────────────────╯╰──────────────────────────────────╯"
" j/k move · PgUp/PgDn page          … answers · locked · $0.38+  v#.#.#  ? help "
