---
source: src/tui/snapshots.rs
---
" ⠿ overbrainer   1 Project  2 Dataset  3 Pipeline  4 Training  5 Logs  rust_ex… "
"╭ configuration ───────────────────────────╮╭ stats ───────────────────────────╮"
"│ project                                  ││ cost and tokens (in/out)         │"
"│   name                   rust_expert     ││   subtopics   3.0k/750 $0.0012   │"
"│ topics.ownership                         ││   questions   40k/9.1k $0.0123   │"
"│   name                   ownership       ││   answers     412k/1.5M cost ?   │"
"│   description            Moves, borrows… ││   all         455k/1.5M $0.0135+ │"
"│   subtopics              2               ││                                  │"
"│   questions_per_subtopic 3               ││ dataset                          │"
"│ providers.claude                         ││   topics      2                  │"
"│   protocol               anthropic       ││   subtopics   3                  │"
"│   base_url               unset           ││   questions   6                  │"
"│   api_key                unset           ││   answers                        │"
"│ providers.nanogpt                        ││           3 usable, 1 excluded   │"
"│   protocol               openai          ││   train/eval  2 / 1 (expected)   │"
"│   base_url               https://… (env) ││                                  │"
"│   api_key                set (env)       ││ training                         │"
"│ roles.generator                          ││   running     2                  │"
"│   provider               nanogpt         ││   succeeded   1                  │"
"│   model                  gen             ││   pod spend   about $0.36        │"
"│ project.name: Name of the project        ││                                  │"
"│                                          ││ models                           │"
"╰──────────────────────────────────────────╯╰──────────────────────────────────╯"
" j/k move · PgUp/PgDn page · 1-5 views · q quit          $0.38+  v#.#.#  ? help "
