---
source: src/tui/snapshots.rs
---
" ⠿ 1 Project  2 Dataset  3 Pipeline  4 Training  5 Logs  6 Compare  rust_expert "
"╭ configuration ───────────────────────────╮╭ stats ───────────────────────────╮"
"│   protocol               anthrop… (used) ││ cost and tokens (in/out)         │"
"│   base_url               unset (used)    ││   subtopics   3.0k/750 $0.0012   │"
"│   api_key                unset (used)    ││   questions   40k/9.1k $0.0123   │"
"│ providers.nanogpt                        ││   answers     412k/1.5M cost ?   │"
"│   protocol               openai          ││   all         455k/1.5M $0.0135+ │"
"│   base_url               https://… (env) ││ dataset                          │"
"│   api_key                set (env)       ││   topics      2                  │"
"│ roles.generator                          ││   subtopics   3                  │"
"│   provider               nanogpt         ││   questions   6                  │"
"│   model                  gen             ││   answers                        │"
"│   reasoning              false           ││           3 usable, 1 excluded   │"
"│   max_tokens             16384           ││   train/eval  2 / 1 (expected)   │"
"│   temperature            unset           ││ training                         │"
"│   reasoning_effort       unset           ││   running     2                  │"
"│   thinking_budget        unset           ││   succeeded   1                  │"
"│ roles.parent                             ││   pod spend   about $0.36        │"
"│   provider               claude (used)   ││ models                           │"
"│   model                  claude-… (used) ││   claude-opus-5-20260901-long-n… │"
"│ roles.parent.model: used by answers,     ││           412k/1.5M cost ?       │"
"│   read-only until it ends                ││   gen         43k/9.9k $0.0135   │"
"╰──────────────────────────────────────────╯╰──────────────────────────────────╯"
" j/k move · Enter edit · a add      … answers · locked · $0.38+  v#.#.#  ? help "
