---
source: src/tui/snapshots.rs
---
" ⠿ overbrainer   1 Project  2 Dataset  3 Pipeline  4 Training  5 Logs  6 Compare"
"╭ configuration ───────────────────────────╮╭ stats ───────────────────────────╮"
"│ project                                  ││ cost and tokens (in/out)         │"
"│   name                   rust_expert     ││   subtopics   3.0k/750 $0.0012   │"
"│ topics.ownership                         ││   questions   40k/9.1k $0.0123   │"
"│   name                   ownership       ││   answers     412k/1.5M cost ?   │"
"│   description            Moves, borrows… ││   all         455k/1.5M $0.0135+ │"
"│   subtopics              2               ││ dataset                          │"
"│   questions_per_subtopic 3               ││   topics      2                  │"
"│ providers.claude                         ││   subtopics   3                  │"
"│   protocol               anthropic       ││   questions   6                  │"
"│   base_url               unset           ││   answers                        │"
"│   api_key                unset           ││           3 usable, 1 excluded   │"
"│ providers.nanogpt                        ││   train/eval  2 / 1 (expected)   │"
"│   protocol               openai          ││ training                         │"
"│   base_url               https://… (env) ││   running     2                  │"
"│   api_key                set (env)       ││   succeeded   1                  │"
"│ roles.generator                          ││   pod spend   about $0.36        │"
"│   provider               nanogpt         ││ models                           │"
"│   model                  gen             ││   claude-opus-5-20260901-long-n… │"
"│ project.name: Name of the project        ││           412k/1.5M cost ?       │"
"│                                          ││   gen         43k/9.9k $0.0135   │"
"╰──────────────────────────────────────────╯╰──────────────────────────────────╯"
" j/k move · Enter edit · a add · d delete · u undo       $0.38+  v#.#.#  ? help "
