---
source: src/tui/snapshots.rs
---
" ⠿ overbrainer   1 Dataset  2 Pipeline  3 Training  4 Logs          rust_expert "
"╭ data ────────────────────────────────────────────────────────────────────────╮"
"│ … reading data/                                                              │"
"│                                                                              │"
"│                                                                              │"
"│                                                                              │"
"│                                                                              │"
"│                                                                              │"
"│   ╭ Quit overbrainer? ───────────────────────────────────────────────────╮   │"
"│   │                                                                      │   │"
"│   │  answers 120/400, 8 requests in flight. It stops now; the next       │   │"
"│   │  `run` resumes it. The requests in flight are lost (already paid).   │   │"
"│   │  An edit is being saved: quitting waits for it.                      │   │"
"│   │                                                                      │   │"
"│   │                                                   y quit    n stay   │   │"
"│   │                                                                      │   │"
"│   ╰──────────────────────────────────────────────────────────────────────╯   │"
"│                                                                              │"
"│                                                                              │"
"│                                                                              │"
"│                                                                              │"
"│                                                                              │"
"╰──────────────────────────────────────────────────────────────────────────────╯"
" y quit · n, Esc or Enter stay   … answers 120/400 · … saving · locked · ? help "
