---
source: src/tui/snapshots.rs
---
" ⠿ overbrainer   1 Dataset  2 Pipeline  3 Training  4 Logs          rust_expert "
"╭ runs ────────────────────────────────────────────────────────────────────────╮"
"│ run                   state      target     pod                              │"
"│                                                                              │"
"╰──────────────────────────────────────────────────────────────────────────────╯"
"  no run yet                                                                    "
"                                                                                "
"                                                                                "
"    ╭ Quit overbrainer? ───────────────────────────────────────────────────╮    "
"    │                                                                      │    "
"    │  A new run is starting its pod: quitting waits until its job has     │    "
"    │  started, then leaves it running.                                    │    "
"    │                                                                      │    "
"    │                                                   y quit    n stay   │    "
"    │                                                                      │    "
"    ╰──────────────────────────────────────────────────────────────────────╯    "
"                                                                                "
"                                                                                "
"                                                                                "
"                                                                                "
"                                                                                "
"                                                                                "
"                                                                                "
" y quit · n, Esc or Enter stay              … 1 training task · locked · ? help "
