---
source: src/tui/snapshots.rs
---
" ⠿ overbrainer   1 Project  2 Dataset  3 Pipeline  4 Training  5 Logs  6 Compare"
"╭ data ────────────────────────────────────────────────────────────────────────╮"
"│ … reading data/                                                              │"
"│                                                                              │"
"│                                                                              │"
"│                                                                              │"
"│                                                                              │"
"│                                                                              │"
"│    ╭ Run on every topic ────────────────────────────────────────────────╮    │"
"│    │   auto        every stage, then training (asks first)              │    │"
"│    │   subtopics   generate the missing subtopics                       │    │"
"│    │   questions   fill the subtopics with questions                    │    │"
"│    │ ▶ answers     ask the parent to answer (paid requests)             │    │"
"│    │   split       rebuild train and eval                               │    │"
"│    │   run         all four stages; training starts only with t         │    │"
"│    ╰ Enter runs, Esc closes ────────────────────────────────────────────╯    │"
"│                                                                              │"
"│                                                                              │"
"│                                                                              │"
"│                                                                              │"
"│                                                                              │"
"│                                                                              │"
"╰──────────────────────────────────────────────────────────────────────────────╯"
" j/k move · Enter run · Esc close                                        ? help "
