---
source: src/tui/snapshots.rs
---
" ⠿ overbrainer   1 Dataset  2 Pipeline  3 Training  4 Logs          rust_expert "
"╭ data ────────────────────────────────────────────────────────────────────────╮"
"│ loading data/...                                                             │"
"│                                                                              │"
"│                                                                              │"
"│                                                                              │"
"│                                                                              │"
"│                                                                              │"
"│                                                                              │"
"│    ╭ Run on every topic ────────────────────────────────────────────────╮    │"
"│    │   subtopics   generate the missing subtopics                       │    │"
"│    │   questions   fill the subtopics with questions                    │    │"
"│    │ ▶ answers     ask the parent to answer (paid requests)             │    │"
"│    │   split       rebuild train and eval                               │    │"
"│    │   run         all four stages; training starts only with t         │    │"
"│    ╰ Enter runs, Esc closes ────────────────────────────────────────────╯    │"
"│                                                                              │"
"│                                                                              │"
"│                                                                              │"
"│                                                                              │"
"│                                                                              │"
"│                                                                              │"
"╰──────────────────────────────────────────────────────────────────────────────╯"
"                                                                          ? help"
