---
source: src/tui/snapshots.rs
---
" ⠿ overbrainer   1 Dataset  2 Pipeline  3 Training  4 Logs                                                  rust_expert "
"╭ runs ────────────────────────────────────────────────────────────────────────────────────────────────────────────────╮"
"│ run                   state      target     pod                                                                      │"
"│ 20260921-133200-a1b2  running    gpu_cloud  ready k3x9abc $0.53/h                                         followed   │"
"│ 20260920-101500-9f00  succeeded  homelab                                                                             │"
"│ 20260919-090000-c3d4  running    homelab                                                                             │"
"╰──────────────────────────────────────────────────────────────────────────────────────────────────────────────────────╯"
"  20260921-133200-a1b2  step 1200/4000 (30%)  epoch 0.90  ETA 1h33m   followed                                          "
"  pod k3x9abc ready $0.53/h  up 41m (about $0.36)  deleted by the watchdog by 2026-09-21T19:32:20Z                      "
"  1.88  │                                                                                                  ┌─────────┐  "
"        │▀▄                                                                                                │loss     │  "
"        │  ▀▄▄                                                                                             │eval_loss│  "
"        │     █                                                                                            └─────────┘  "
"        │      ▀▀▄                                                                                                      "
"        │         ▀▀▄                                                                                                   "
"        │            ▀▄▄                                                                                                "
"        │               ╭ Quit overbrainer? ───────────────────────────────────────────────────╮                        "
"        │               │                                                                      │                        "
"        │               │  Run 20260921-133200-a1b2 keeps running on pod k3x9abc ($0.53/h);    │                        "
"        │               │  attach again from here or with `overbrainer train attach            │                        "
"        │               │  20260921-133200-a1b2`.                                              │                        "
"        │               │                                                                      │                        "
"        │               │                                                   y quit    n stay   │                        "
"        │               │                                                                      │                        "
"        │               ╰──────────────────────────────────────────────────────────────────────╯                        "
"        │                                           ▀█▄                                                                 "
"        │                                              ▀▀▀▄▄   •                                                        "
"        │                                                   ▀▀▄▄                                                        "
"        │                                                       ▀▀▀▄▄▄           •                                      "
"        │                                                             ▀▀▀▄▄                                             "
"        │                                                                  ▀▀▀▄▄▄▄                 •                    "
"        │                                                                         ▀▀▀▄▄▄▄                            •  "
"        │                                                                                ▀▀▀▀▀▄▄▄▄▄▄                    "
"        │                                                                                           ▀▀▀▀▀▀▀▀▀▀▀▄▄▄▄▄▄   "
"  0.80  │                                                                                                               "
"        └─────────────────────────────────────────────────────────────────────────────────────────────────────────────  "
"  step 10                                                                                                         1200  "
"  lr             ▁▁▁▁▂▂▂▂▂▃▃▃▃▄▄▄▄▅▅▅▅▅▆▆▆▆▇▇▇▇█████████████████████████████████████████████████████████████ 2.00e-4    "
"  grad_norm  ▂▄▆█ ▂▄▆█ ▂▄▆█ ▂▄▆█ ▂▄▆█ ▂▄▆█ ▂▄▆█ ▂▄▆█ ▂▄▆█ ▂▄▆█ ▂▄▆█ ▂▄▆█ ▂▄▆█ ▂▄▆█ ▂▄▆█ ▂▄▆█ ▂▄▆█ ▂▄▆█ ▂▄▆█  0.700      "
"                                                                                                 1 training task  ? help"
