---
source: src/tui/snapshots.rs
---
" ⠿ 1 Project  2 Dataset  3 Pipeline  4 Training  5 Logs  6 Compare  rust_expert "
"╭ runs ────────────────────────────────────────────────────────────────────────╮"
"│ No runs yet: press t to start one on gpu_cloud.                              │"
"╰──────────────────────────────────────────────────────────────────────────────╯"
"                                                                                "
"                                                                                "
"                                                                                "
"                                                                                "
"                                                                                "
"                                                                                "
"                                                                                "
"                                                                                "
"                                                                                "
"                                                                                "
"                                                                                "
"                                                                                "
"                                                                                "
"                                                                                "
"                                                                                "
"                                                                                "
"                                                                                "
"                                                                                "
"                                                                                "
" j/k select · a attach · c cancel · t start · h push · x clear   v#.#.#  ? help "
