---
source: src/tui/snapshots.rs
---
" ⠿ overbrainer   1 Dataset  2 Pipeline  3 Training  4 Logs          rust_expert "
"╭ runs ────────────────────────────────────────────────────────────────────────╮"
"│ run                   state      target     pod                              │"
"│ 20260921-133200-a1b2  succeeded  gpu_cloud  kept k3x9abc                     │"
"│ 20260920-101500-9f00  succeeded  homelab                                     │"
"│ 20260919-090000-c3d4  running    homelab                                     │"
"╰──────────────────────────────────────────────────────────────────────────────╯"
"  20260921-133200-a1b2                                                          "
"  pod k3x9abc kept $0.53/h  up 41m (about $0.36)  kept, no time limit           "
"  not followed: press a to attach                                               "
"                                                                                "
"                                                                                "
"                                                                                "
"                                                                                "
"                                                                                "
"                                                                                "
"                                                                                "
"                                                                                "
"                                                                                "
"                                                                                "
"                                                                                "
"                                                                                "
"                                                                                "
" j/k select · a attach · c cancel · t start                              ? help "
