---
source: src/tui/snapshots.rs
---
" ⠿ overbrainer   1 Dataset  2 Pipeline  3 Training  4 Logs          rust_expert "
"╭ runs ────────────────────────────────────────────────────────────────────────╮"
"│ run                   state      target     pod                              │"
"│ 20260921-133200-a1b2  succeeded  gpu_cloud  deleted about $0.32              │"
"│ 20260920-101500-9f00  succeeded  homelab                                     │"
"│ 20260919-090000-c3d4  running    homelab                                     │"
"╰──────────────────────────────────────────────────────────────────────────────╯"
"    20260921-133200-a1b2                                                        "
"  pod k3x9abc deleted at 2026-09-21T14:08:20Z  spent about $0.32                "
"  not followed: press a to attach                                               "
"                                                                                "
"                                                                                "
"                                                                                "
"                                                                                "
"                                                                                "
"                                                                                "
"                                                                                "
"                                                                                "
"                                                                                "
"                                                                                "
"                                                                                "
"                                                                                "
"                                                                                "
" j/k select · a attach · c cancel · t start                              ? help "
