---
source: src/tui/snapshots.rs
---
" ⠿ overbrainer   1 Dataset  2 Pipeline  3 Training  4 Logs                                                  rust_expert "
"╭ runs ────────────────────────────────────────────────────────────────────────────────────────────────────────────────╮"
"│ run                   state      target     pod                                                                      │"
"│                                                                                                                      │"
"╰──────────────────────────────────────────────────────────────────────────────────────────────────────────────────────╯"
"  no run yet                                                                                                            "
"                                                                                                                        "
"                                                                                                                        "
"                                                                                                                        "
"                                                                                                                        "
"                                                                                                                        "
"                                                                                                                        "
"                                                                                                                        "
"                                                                                                                        "
"                                                                                                                        "
"                                                                                                                        "
"                                                                                                                        "
"                                                                                                                        "
"                                                                                                                        "
"                                                                                                                        "
"                                                                                                                        "
"                                                                                                                        "
"                                                                                                                        "
"                                                                                                                        "
"                                                                                                                        "
"                                                                                                                        "
"                                                                                                                        "
"                                                                                                                        "
"                                                                                                                        "
"                                                                                                                        "
"                                                                                                                        "
"                                                                                                                        "
"                                                                                                                        "
"                                                                                                                        "
"                                                                                                                        "
"                                                                                                                        "
"                                                                                                                        "
"                                                                                                                        "
"                                                                                                                        "
" j/k select · a attach · c cancel · t start                                                                      ? help "
