---
source: src/tui/snapshots.rs
---
" ⠿ overbrainer   1 Dataset  2 Pipeline  3 Training  4 Logs                                                  rust_expert "
"╭ runs ────────────────────────────────────────────────────────────────────────────────────────────────────────────────╮"
"│ run                   state      target     pod                                                                      │"
"│ 20260921-133200-a1b2  running    gpu_cloud  ready k3x9abc $0.53/h                                         followed   │"
"│ 20260920-101500-9f00  succeeded  homelab                                                                             │"
"│ 20260919-090000-c3d4  running    homelab                                                                             │"
"╰──────────────────────────────────────────────────────────────────────────────────────────────────────────────────────╯"
"  ● 20260921-133200-a1b2  step 1200/4000 ████▊            30%  ETA 1h33m                                                "
"  epoch 0.90                                                                                                            "
"  pod k3x9abc ready $0.53/h  up 41m (about $0.36)  deleted by the watchdog by 2026-09-21T19:32:20Z                      "
"  loss                                                                                                 ─ train  • eval  "
"  1.88  │                                                                                                               "
"        │▀▄                                                                                                             "
"        │  ▀▀▄                                                                                                          "
"        │     ▀▄                                                                                                        "
"        │       ▀▀▄                                                                                                     "
"        │          ▀▀▄  ╭ Cancel a run? ───────────────────────────────────────────────────────╮                        "
"        │             ▀▀│                                                                      │                        "
"        │               │  Cancel run 20260921-133200-a1b2 on gpu_cloud? Its job is stopped    │                        "
"        │               │  (its container first), what it produced is retrieved best effort,   │                        "
"        │               │  and for Runpod the pod is then ended. This cannot be undone.        │                        "
"        │               │                                                                      │                        "
"        │               │                                      y cancel the run    n keep it   │                        "
"        │               │                                                                      │                        "
"        │               ╰──────────────────────────────────────────────────────────────────────╯                        "
"        │                                        ▀▀▄▄                                                                   "
"        │                                            ▀▄▄▄      •                                                        "
"        │                                                ▀▀▄▄▄                                                          "
"        │                                                     ▀▀▄▄▄                                                     "
"        │                                                          ▀▀▀▄▄▄        •                                      "
"        │                                                                ▀▀▀▄▄▄                    •                    "
"        │                                                                      ▀▀▀▀▄▄▄▄                              •  "
"        │                                                                              ▀▀▀▀▀▄▄▄▄▄▄                      "
"        │                                                                                         ▀▀▀▀▀▀▀▀▀▄▄▄▄▄▄▄▄▄▄   "
"  0.80  │                                                                                                               "
"        └─────────────────────────────────────────────────────────────────────────────────────────────────────────────  "
"  step 10                                                                                                         1200  "
"  lr             ▁▁▁▁▂▂▂▂▂▃▃▃▃▄▄▄▄▅▅▅▅▅▆▆▆▆▇▇▇▇█████████████████████████████████████████████████████████████ 2.00e-4    "
"  grad_norm  ▂▄▆█ ▂▄▆█ ▂▄▆█ ▂▄▆█ ▂▄▆█ ▂▄▆█ ▂▄▆█ ▂▄▆█ ▂▄▆█ ▂▄▆█ ▂▄▆█ ▂▄▆█ ▂▄▆█ ▂▄▆█ ▂▄▆█ ▂▄▆█ ▂▄▆█ ▂▄▆█ ▂▄▆█  0.700      "
" y cancel the run · n, Esc or Enter keep it                                                  … 1 training task · ? help "
